Running HiGHS 1.11.0 (git hash: 364c83a): Copyright (c) 2025 HiGHS under MIT licence terms
MIP  has 7934 rows; 9330 cols; 37618 nonzeros; 5298 integer variables (4961 binary)
Coefficient ranges:
  Matrix [1e+00, 7e+04]
  Cost   [3e+01, 6e+01]
  Bound  [1e+00, 7e+04]
  RHS    [1e+04, 7e+04]
Presolving model
7825 rows, 9312 cols, 37392 nonzeros  0s
7720 rows, 9207 cols, 37300 nonzeros  0s
Objective function is integral with scale 0.0333333

Solving MIP model with:
   7720 rows
   9207 cols (4865 binary, 314 integer, 0 implied int., 4028 continuous, 0 domain fixed)
   37300 nonzeros

Src: B => Branching; C => Central rounding; F => Feasibility pump; J => Feasibility jump;
     H => Heuristic; L => Sub-MIP; P => Empty MIP; R => Randomized rounding; Z => ZI Round;
     I => Shifting; S => Solve LP; T => Evaluate node; U => Unbounded; X => User solution;
     z => Trivial zero; l => Trivial lower; u => Trivial upper; p => Trivial point

        Nodes      |    B&B Tree     |            Objective Bounds              |  Dynamic Constraints |       Work      
Src  Proc. InQueue |  Leaves   Expl. | BestBound       BestSol              Gap |   Cuts   InLp Confl. | LpIters     Time

         0       0         0   0.00%   0               inf                  inf        0      0      0         0     0.2s
         0       0         0   0.00%   210             inf                  inf        0      0      3       615     0.3s
 L       0       0         0   0.00%   210             240               12.50%      358    109    506      1017     2.9s

5.4% inactive integer columns, restarting
Model after restart has 7326 rows, 8750 cols (4571 bin., 302 int., 0 impl., 3877 cont., 0 dom.fix.), and 35448 nonzeros

         0       0         0   0.00%   210             240               12.50%       91      0      0      1942     3.0s
         0       0         0   0.00%   210             240               12.50%       91     70     12      2101     3.0s
 L       0       0         0   0.00%   210             210                0.00%      164     98     12      2183     4.6s
         1       0         1 100.00%   210             210                0.00%      164     98     12      2405     4.6s

Solving report
  Status            Optimal
  Primal bound      210
  Dual bound        210
  Gap               0%
  P-D integral      0.219951987267
  Solution status   feasible
                    210 (objective)
                    0 (bound viol.)
                    0 (int. viol.)
                    0 (row viol.)
  Timing            4.61 (total)
                    0.00 (presolve)
                    0.00 (solve)
                    0.00 (postsolve)
  Max sub-MIP depth 7
  Nodes             1
  Repair LPs        0 (0 feasible; 0 iterations)
  LP iterations     2405 (total)
                    0 (strong br.)
                    495 (separation)
                    1136 (heuristics)
MIP  has 7935 rows; 9330 cols; 38282 nonzeros; 5298 integer variables (4961 binary)
Coefficient ranges:
  Matrix [1e+00, 7e+04]
  Cost   [1e+00, 1e+00]
  Bound  [1e+00, 7e+04]
  RHS    [2e+02, 7e+04]
Assessing feasibility of MIP using primal feasibility and integrality tolerance of       1e-06
Solution has               num          max          sum
Col     infeasibilities      0            0            0
Integer infeasibilities      0            0            0
Row     infeasibilities      0            0            0
Row     residuals            0            0            0
Presolving model
7826 rows, 9312 cols, 38056 nonzeros  0s
7721 rows, 9207 cols, 37964 nonzeros  0s

MIP start solution is feasible, objective value is 20
Objective function is integral with scale 1

Solving MIP model with:
   7721 rows
   9207 cols (4865 binary, 314 integer, 0 implied int., 4028 continuous, 0 domain fixed)
   37964 nonzeros

Src: B => Branching; C => Central rounding; F => Feasibility pump; J => Feasibility jump;
     H => Heuristic; L => Sub-MIP; P => Empty MIP; R => Randomized rounding; Z => ZI Round;
     I => Shifting; S => Solve LP; T => Evaluate node; U => Unbounded; X => User solution;
     z => Trivial zero; l => Trivial lower; u => Trivial upper; p => Trivial point

        Nodes      |    B&B Tree     |            Objective Bounds              |  Dynamic Constraints |       Work      
Src  Proc. InQueue |  Leaves   Expl. | BestBound       BestSol              Gap |   Cuts   InLp Confl. | LpIters     Time

         0       0         0   0.00%   7               20                65.00%        0      0      0         0     0.2s
         1       0         1 100.00%   20              20                 0.00%        0      0      0       656     0.2s

Solving report
  Status            Optimal
  Primal bound      20
  Dual bound        20
  Gap               0%
  P-D integral      0.0451979160309
  Solution status   feasible
                    20 (objective)
                    0 (bound viol.)
                    0 (int. viol.)
                    0 (row viol.)
  Timing            0.24 (total)
                    0.00 (presolve)
                    0.00 (solve)
                    0.00 (postsolve)
  Max sub-MIP depth 0
  Nodes             1
  Repair LPs        0 (0 feasible; 0 iterations)
  LP iterations     656 (total)
                    0 (strong br.)
                    0 (separation)
                    0 (heuristics)
MIP  has 7936 rows; 9330 cols; 38366 nonzeros; 5298 integer variables (4961 binary)
Coefficient ranges:
  Matrix [1e+00, 7e+04]
  Cost   [1e+00, 1e+00]
  Bound  [1e+00, 7e+04]
  RHS    [2e+01, 7e+04]
Assessing feasibility of MIP using primal feasibility and integrality tolerance of       1e-06
Solution has               num          max          sum
Col     infeasibilities      0            0            0
Integer infeasibilities      0            0            0
Row     infeasibilities      0            0            0
Row     residuals            0            0            0
Presolving model
7911 rows, 9313 cols, 38306 nonzeros  0s
7806 rows, 9208 cols, 38214 nonzeros  0s

MIP start solution is feasible, objective value is 10080
Objective function is integral with scale 1

Solving MIP model with:
   7806 rows
   9208 cols (4865 binary, 315 integer, 0 implied int., 4028 continuous, 0 domain fixed)
   38214 nonzeros

Src: B => Branching; C => Central rounding; F => Feasibility pump; J => Feasibility jump;
     H => Heuristic; L => Sub-MIP; P => Empty MIP; R => Randomized rounding; Z => ZI Round;
     I => Shifting; S => Solve LP; T => Evaluate node; U => Unbounded; X => User solution;
     z => Trivial zero; l => Trivial lower; u => Trivial upper; p => Trivial point

        Nodes      |    B&B Tree     |            Objective Bounds              |  Dynamic Constraints |       Work      
Src  Proc. InQueue |  Leaves   Expl. | BestBound       BestSol              Gap |   Cuts   InLp Confl. | LpIters     Time

         0       0         0   0.00%   720             10080             92.86%        0      0      0         0     0.2s
         0       0         0   0.00%   832             10080             91.75%        0      0      8       533     0.2s
 L       0       0         0   0.00%   832             1534              45.76%      582    258    758      4412     8.5s

64.9% inactive integer columns, restarting
Model after restart has 2636 rows, 2436 cols (1412 bin., 303 int., 0 impl., 721 cont., 0 dom.fix.), and 11772 nonzeros

         0       0         0   0.00%   832             1534              45.76%       79      0      0      5614     8.6s
         0       0         0   0.00%   832             1534              45.76%       79     58      8      5949     8.6s
       288      27        89  83.27%   832.1441276     1534              45.75%      598    139    675     16742    13.7s
      1414     150       465  91.32%   854             1534              44.33%      825    100   3750     34747    18.7s
 T    1597     155       510  91.32%   854             1510              43.44%      805     72   4063     37420    19.5s
 T    2293      40       720  94.52%   854             1501              43.10%      772    103   5295     45244    22.3s
      2382       0       776 100.00%   1501            1501               0.00%      910    123   5608     46990    22.7s

Solving report
  Status            Optimal
  Primal bound      1501
  Dual bound        1501
  Gap               0%
  P-D integral      13.9939593747
  Solution status   feasible
                    1501 (objective)
                    0 (bound viol.)
                    3.21319829682e-12 (int. viol.)
                    0 (row viol.)
  Timing            22.74 (total)
                    0.00 (presolve)
                    0.00 (solve)
                    0.00 (postsolve)
  Max sub-MIP depth 6
  Nodes             2382
  Repair LPs        0 (0 feasible; 0 iterations)
  LP iterations     46990 (total)
                    150 (strong br.)
                    4224 (separation)
                    8954 (heuristics)
MIP  has 7937 rows; 9330 cols; 38367 nonzeros; 5298 integer variables (4961 binary)
Coefficient ranges:
  Matrix [1e+00, 7e+04]
  Cost   [1e+00, 1e+00]
  Bound  [1e+00, 7e+04]
  RHS    [2e+01, 7e+04]
Assessing feasibility of MIP using primal feasibility and integrality tolerance of       1e-06
Solution has               num          max          sum
Col     infeasibilities      0            0            0
Integer infeasibilities      0    3.213e-12    1.118e-11
Row     infeasibilities      0            0            0
Row     residuals            0            0            0
Presolving model
7911 rows, 9312 cols, 38222 nonzeros  0s
2770 rows, 2655 cols, 12684 nonzeros  0s
2770 rows, 2655 cols, 12684 nonzeros  0s

MIP start solution is feasible, objective value is 5501
Objective function is integral with scale 1

Solving MIP model with:
   2770 rows
   2655 cols (1589 binary, 314 integer, 0 implied int., 752 continuous, 0 domain fixed)
   12684 nonzeros

Src: B => Branching; C => Central rounding; F => Feasibility pump; J => Feasibility jump;
     H => Heuristic; L => Sub-MIP; P => Empty MIP; R => Randomized rounding; Z => ZI Round;
     I => Shifting; S => Solve LP; T => Evaluate node; U => Unbounded; X => User solution;
     z => Trivial zero; l => Trivial lower; u => Trivial upper; p => Trivial point

        Nodes      |    B&B Tree     |            Objective Bounds              |  Dynamic Constraints |       Work      
Src  Proc. InQueue |  Leaves   Expl. | BestBound       BestSol              Gap |   Cuts   InLp Confl. | LpIters     Time

         0       0         0   0.00%   0               5501             100.00%        0      0      0         0     0.1s
         0       0         0   0.00%   0               5501             100.00%        0      0      4       465     0.2s

8.6% inactive integer columns, restarting
Model after restart has 2562 rows, 2442 cols (1415 bin., 302 int., 0 impl., 725 cont., 0 dom.fix.), and 11641 nonzeros

         0       0         0   0.00%   45              5501              99.18%      140      0      0      3236     1.6s
         0       0         0   0.00%   45              5501              99.18%      140     63      6      3614     1.8s
         0       0         0   0.00%   66.71632129     5501              98.79%      938    263      6     11967     7.5s
        38       1         3   0.00%   66.71632129     5501              98.79%      946    263    354     20727    12.5s
       668     123       223  46.04%   69.05785404     5501              98.74%     1127    209   2824     43112    17.5s
       960     164       326  63.74%   72.97866796     5501              98.67%     1378    261   4663     68880    22.8s
      1252     171       432  90.86%   89.19186277     5501              98.38%     1407    232   6236     95026    27.8s
 B    1347     195       462  90.86%   89.19186277     5495              98.38%     1492    211   7909    102612    30.2s
      1535     235       533  94.81%   89.19186277     5495              98.38%     1595    197   9586    121930    35.3s
      1635     248       579  94.98%   394.0717211     5495              92.83%     1655    212   9924    148813    40.7s
      1770     254       637  95.44%   394.0717211     5495              92.83%     1837    216   9691    184397    47.0s
      1819     257       661  95.52%   394.0717211     5495              92.83%     1970    216   7995    217768    52.1s
      1947     264       720  95.75%   394.0717211     5495              92.83%     1906    237   9204    251317    63.0s
      2152     270       815  95.96%   395.9169577     5495              92.79%     1829    119   9440    274304    68.0s
      2352     266       913  96.02%   525.3008193     5495              90.44%     2008    134   9774    299022    73.1s
      2774     317      1065  96.53%   532.9066374     5495              90.30%     1555    117   9381    319032    78.1s
      3314     446      1236  96.92%   556.7115186     5495              89.87%     1524    170   9483    336423    83.1s
 T    3330     448      1240  96.92%   556.7115186     5486              89.85%     1527    170   9549    336700    83.2s

        Nodes      |    B&B Tree     |            Objective Bounds              |  Dynamic Constraints |       Work      
Src  Proc. InQueue |  Leaves   Expl. | BestBound       BestSol              Gap |   Cuts   InLp Confl. | LpIters     Time

 T    3350     448      1245  96.92%   556.7115186     5468              89.82%     1530    170   9603    336802    83.4s
 T    3359     448      1248  96.92%   556.7115186     5377              89.65%     1531    170   9613    336843    83.5s
 T    3489     471      1291  96.92%   556.7115186     5142              89.17%     1568    134   9888    341041    84.9s
 T    3546     477      1304  96.92%   556.7115186     4710              88.18%     1578    149   9266    341915    85.4s
 T    3558     476      1308  96.92%   556.7115186     4589              87.87%     1580    149   9295    342062    85.4s
 T    3566     476      1311  96.92%   556.7115186     4571              87.82%     1581    149   9333    342100    85.5s
 T    3570     476      1312  96.92%   556.7115186     4528              87.71%     1582    149   9334    342114    85.5s
      4037     559      1490  96.94%   605             4528              86.64%     1698    169   9968    357663    90.5s
      4523     657      1675  96.94%   648.766537      4528              85.67%     1690     88   9547    374359    95.6s
 B    4698     669      1738  96.94%   648.766537      4527              85.67%     1650    132   9598    378999    97.0s

Restarting search from the root node
Model after restart has 2539 rows, 2403 cols (1393 bin., 302 int., 0 impl., 708 cont., 0 dom.fix.), and 11467 nonzeros

      4787       0         0   0.00%   648.766537      4527              85.67%      121      0      0    382784    98.1s
      4787       0         0   0.00%   648.766537      4527              85.67%      121     24      3    383038    98.2s
 L    4787       0         0   0.00%   648.766537      4414              85.30%      503    171      3    384197   103.3s
      4792       0         1   6.25%   648.766537      4414              85.30%      503    120     12    399802   116.1s
      5287      71       178  11.04%   648.766537      4414              85.30%      749     66   2765    412869   121.2s
 T    5355      76       197  11.04%   648.766537      4394              85.24%      776     66   3064    414418   122.0s
 B    5358      76       198  11.04%   648.766537      4373              85.16%      777     66   3074    414430   122.0s
      5911     175       417  12.45%   648.766537      4373              85.16%      988    101   5909    432006   127.1s
      6316     187       594  13.84%   648.766537      4373              85.16%     1175    123   9728    450940   132.1s
      6671     199       753  14.21%   648.766537      4373              85.16%     1271    159   9951    471339   137.2s

Restarting search from the root node
Model after restart has 2534 rows, 2397 cols (1392 bin., 302 int., 0 impl., 703 cont., 0 dom.fix.), and 11468 nonzeros


        Nodes      |    B&B Tree     |            Objective Bounds              |  Dynamic Constraints |       Work      
Src  Proc. InQueue |  Leaves   Expl. | BestBound       BestSol              Gap |   Cuts   InLp Confl. | LpIters     Time

      6765       0         0   0.00%   648.766537      4373              85.16%      159      0      0    473406   138.0s
      6765       0         0   0.00%   648.766537      4373              85.16%      159     26      5    473535   138.1s
 T    6846       4        17   0.02%   648.766537      4322              84.99%      515    116    268    475587   139.1s
 T    6853       3        20   0.02%   648.766537      4281              84.85%      517    116    292    475639   139.1s
 T    6861       3        23   0.02%   648.766537      4278              84.83%      518    116    322    475690   139.2s
 T    6864       3        24   0.02%   648.766537      4244              84.71%      519    116    326    475703   139.2s
      7485     144       212   0.68%   648.766537      4244              84.71%      857    165   3862    490559   144.2s
      7580     176       256   0.69%   648.766537      4244              84.71%      878    135   5003    503800   158.7s
      7702     188       299   2.25%   648.766537      4244              84.71%      967    152   5855    519803   172.5s
 T    8170     252       457  23.06%   648.766537      4214              84.60%     1323    173   8759    531836   177.3s
 T    8175     244       459  23.06%   648.766537      4135              84.31%     1324    173   8773    531860   177.3s
 T    8513     300       585  23.26%   648.766537      4103              84.19%     1504    147   9959    541846   180.8s
 T    8517     299       587  23.26%   648.766537      4071              84.06%     1505    147   9991    541864   180.8s
 B    8705     314       663  23.26%   648.766537      4063              84.03%     1552    155   8129    548259   182.8s
 B    8762     324       679  23.26%   648.766537      4005              83.80%     1557    165   8585    549984   183.6s
      9287     379       887  32.85%   648.766537      4005              83.80%     1782    254   9872    566940   188.6s
      9717     469      1035  33.66%   648.766537      4005              83.80%     1705    169   9388    580662   193.6s
     10256     540      1228  59.77%   648.766537      4005              83.80%     1985    253   9720    598927   198.6s
 B   10588     578      1349  59.79%   648.766537      4002              83.79%     1999    153   9388    607474   201.8s
 T   10642     579      1365  59.99%   648.766537      3932              83.50%     1977    169   9726    608388   202.2s

        Nodes      |    B&B Tree     |            Objective Bounds              |  Dynamic Constraints |       Work      
Src  Proc. InQueue |  Leaves   Expl. | BestBound       BestSol              Gap |   Cuts   InLp Confl. | LpIters     Time

 T   10646     568      1367  59.99%   648.766537      3908              83.40%     1978    169   9746    608406   202.2s
     11190     665      1537  60.03%   648.766537      3908              83.40%     1989    146   9911    623237   207.3s
     11749     729      1752  60.03%   648.766537      3908              83.40%     2027    163   8683    639054   212.3s
     12212     787      1922  61.18%   648.766537      3908              83.40%     2362    244   9880    661099   217.4s
     12628     816      2088  61.81%   648.766537      3908              83.40%     2454    176   9182    679146   222.4s
     13242     884      2309  62.78%   648.766537      3908              83.40%     2325    147   9474    693309   227.5s
     13691     936      2485  62.98%   648.766537      3908              83.40%     2121    241   9986    704894   232.5s
     14060     999      2627  62.98%   648.766537      3908              83.40%     2219    167   9992    715851   237.5s
     14539    1057      2799  63.27%   648.766537      3908              83.40%     2213    248   9711    729443   242.6s
     14972    1117      2967  63.31%   648.766537      3908              83.40%     2129    210   9776    742678   247.7s
     15425    1176      3137  63.76%   648.766537      3908              83.40%     2266    238   9828    759185   252.7s
     16009    1250      3334  63.84%   648.766537      3908              83.40%     2311    176   9890    771767   257.8s
     16640    1347      3562  63.84%   648.766537      3908              83.40%     2352    132   9826    784921   262.8s
     17111    1407      3745  63.85%   648.766537      3908              83.40%     2398    185   9957    800790   267.8s
     17473    1476      3867  63.89%   648.766537      3908              83.40%     2446    283   9866    814684   272.3s

Solving report
  Status            Time limit reached
  Primal bound      3908
  Dual bound        649
  Gap               83.39%
  P-D integral      238.447095459
  Solution status   feasible
                    3908 (objective)
                    0 (bound viol.)
                    3.19066443588e-11 (int. viol.)
                    0 (row viol.)
  Timing            272.28 (total)
                    0.00 (presolve)
                    0.00 (solve)
                    0.00 (postsolve)
  Max sub-MIP depth 6
  Nodes             17473
  Repair LPs        0 (0 feasible; 0 iterations)
  LP iterations     814684 (total)
                    283680 (strong br.)
                    49596 (separation)
                    54955 (heuristics)
